// Jest Snapshot v1, https://goo.gl/fbAQLP

exports[`ReleaseNotesBuilder Should build correct release notes 1`] = `
"### Features / Enhancements
* **Login**: New feature. [#1](https://github.com/grafana/grafana/issues/1)

### Bug Fixes
* **API**: Fixed api issue. [#1](https://github.com/grafana/grafana/pull/1), [@torkelo](https://github.com/torkelo)
* **Alerting**: Fixed really bad issue. [#1](https://github.com/grafana/grafana/issues/1)
"
`;
